// Jest Snapshot v1, https://goo.gl/fbAQLP

exports[`A Small person BMI Select a Gender 1`] = `
Object {
  "msg": "SelectGender Female",
  "newModel": "{ height = \\"180\\", weight = \\"80\\", gender = Female }",
  "title": "Select a Gender",
}
`;

exports[`A Small person BMI Select a Height 1`] = `
Object {
  "msg": "SelectHeight \\"150\\"",
  "newModel": "{ height = \\"150\\", weight = \\"80\\", gender = Female }",
  "title": "Select a Height",
}
`;

exports[`A Small person BMI Select a Weight 1`] = `
Object {
  "msg": "SelectWeight \\"55\\"",
  "newModel": "{ height = \\"180\\", weight = \\"55\\", gender = Female }",
  "title": "Select a Weight",
}
`;
